AREA .  .ABS.
	RADIX HEX
	BASE 0000
	SIZE 0000
	ATTRIB ABS OVR
	GLOBALS
		l__DATA	0000
		l__HEAP	0000
		l__BSEG	0000
		l_.  .ABS.	0000
		l__GSFINAL	0000
		l__ISEG	0000
		s_.  .ABS.	0000
		s__HEADER	0000
		l__XSEG	0000
		.init	0000
		l__OVERLAY	0000
		l__LIT	0000
		l__GSINIT	0000
		l__GSINITTAIL	0001
		l__BSS	0084
		l__HOME	01CD
		l__HEADER	01EB
		s__CODE	0200
		l__CODE	0787
		s__HOME	0987
		s__BASE	0B54
		l__BASE	0E24
		s__GSINITTAIL	1978
		s__LIT	1978
		s__GSINIT	1978
		s__GSFINAL	1979
		.OAM	C000
		s__DATA	C0A0
		s__BSS	C0A0
		s__HEAP	C124
		s__BSEG	C124
		s__ISEG	C124
		s__XSEG	C124
		s__OVERLAY	C124
		.STACK	E000
		.refresh_OAM	FF80
AREA _CODE
	RADIX HEX
	BASE 0200
	SIZE 0787
	ATTRIB REL CON
	GLOBALS
		_main	0200
		.adv_gcurs	0216
		.circle	0233
		.horlin	02D6
		.verlin	030E
		.circplot	036A
		.box	03E8
		.line	04BE
		.xonly	05DF
		.yonly	072E
		.plot	074F
		.wrbyte	076C
		.getpix	07EE
		.wrtchr	0823
		_gotogxy	0887
		_wrtchr	0892
		_getpix	08A7
		_color	08B3
		_circle	08C2
		_box	08DC
		_line	0900
		_plot_point	0918
		_plot	092C
		_putchar	0948
		_setchar	0951
		_gotoxy	095A
		_posx	0965
		_posy	0976
AREA _HEADER
	RADIX HEX
	BASE 0000
	SIZE 01EB
	ATTRIB ABS OVR
	GLOBALS
		_exit	01D2
AREA _HOME
	RADIX HEX
	BASE 0987
	SIZE 01CD
	ATTRIB REL CON
	GLOBALS
		.set_mode	0987
		.remove_VBL	0997
		.remove_LCD	099D
		.remove_TIM	09A3
		.remove_SIO	09A9
		.remove_JOY	09AF
		.add_VBL	09B5
		.add_LCD	09BB
		.add_TIM	09C1
		.add_SIO	09C7
		.add_JOY	09CD
		.remove_int	09D3
		.add_int	09F3
		.wait_vbl_done	0A0F
		_wait_vbl_done	0A0F
		_display_off	0A26
		.display_off	0A26
		.serial_IO	0A47
		_mode	0A76
		_get_mode	0A7F
		_enable_interrupts	0A84
		_disable_interrupts	0A86
		_reset	0A88
		.reset	0A88
		_set_interrupts	0A8E
		_remove_VBL	0A99
		_remove_LCD	0AA4
		_remove_TIM	0AAF
		_remove_SIO	0ABA
		_remove_JOY	0AC5
		_add_VBL	0AD0
		_add_LCD	0ADB
		_add_TIM	0AE6
		_add_SIO	0AF1
		_add_JOY	0AFC
		_clock	0B07
		__printTStates	0B10
		banked_call	0B11
		banked_ret	0B2A
		_gprint	0B33
AREA _BASE
	RADIX HEX
	BASE 0B54
	SIZE 0E24
	ATTRIB REL CON
	GLOBALS
		.gmode	0B54
		.vbl	0BB6
		.lcd	0BC1
		.draw_image	0BCE
		.switch_data	0BD8
		_switch_data	0C0F
		_draw_image	0C2A
		.y_table	0C3D
		.copy_vram	0D5D
		_get_data	0D6C
		_set_data	0D6C
		_font_load_ibm_fixed	0D7F
		_font_ibm_fixed	0D86
		_font_ibm_fixed_tiles	0E88
		font_copy_uncompressed	1688
		font_copy_compressed	16BE
		font_load	1713
		font_copy_current	175B
		font_set	17A3
		.put_char	17B0
		.out_char	17C9
		.del_char	17D0
		_font_load	182B
		_font_set	1839
		_font_init	1848
		_cls	186A
		.cls	186A
		.cr_curs	189C
		.adv_curs	18B1
		.tmode	190D
		.tmode_out	1936
		.init_vram	1946
		.init_wtt	1954
		.init_btt	1964
		.init_tt	1972
AREA _LIT
	RADIX HEX
	BASE 1978
	SIZE 0000
	ATTRIB REL CON
AREA _GSINIT
	RADIX HEX
	BASE 1978
	SIZE 0000
	ATTRIB REL CON
	GLOBALS
		gsinit	1978
AREA _GSINITTAIL
	RADIX HEX
	BASE 1978
	SIZE 0001
	ATTRIB REL CON
AREA _GSFINAL
	RADIX HEX
	BASE 1979
	SIZE 0000
	ATTRIB REL CON
AREA _DATA
	RADIX HEX
	BASE C0A0
	SIZE 0000
	ATTRIB REL CON
AREA _BSS
	RADIX HEX
	BASE C0A0
	SIZE 0084
	ATTRIB REL CON
	GLOBALS
		__cpu	C0A0
		.mode	C0A1
		__io_out	C0A2
		__io_in	C0A3
		__io_status	C0A4
		.vbl_done	C0A5
		__current_bank	C0A6
		_sys_time	C0A7
		.sys_time	C0A7
		.int_0x40	C0A9
		.int_0x48	C0B9
		.int_0x50	C0C9
		.int_0x58	C0D9
		.int_0x60	C0E9
		.fg_colour	C0F9
		.bg_colour	C0FA
		font_current	C10C
		font_first_free_tile	C10F
		font_table	C110
		.curx	C122
		.cury	C123
AREA _HEAP
	RADIX HEX
	BASE C124
	SIZE 0000
	ATTRIB REL CON
	GLOBALS
		_malloc_heap_start	C124
AREA _OVERLAY
	RADIX HEX
	BASE C124
	SIZE 0000
	ATTRIB REL CON
AREA _ISEG
	RADIX HEX
	BASE C124
	SIZE 0000
	ATTRIB REL CON
AREA _BSEG
	RADIX HEX
	BASE C124
	SIZE 0000
	ATTRIB REL CON
AREA _XSEG
	RADIX HEX
	BASE C124
	SIZE 0000
	ATTRIB REL CON
MODULES
	FILE /opt/gbdk/lib/small/asxxxx/gb/crt0.o
		NAME Runtime
	FILE /tmp/lcc93612.o
		NAME lcc93610
LIBRARIES
	LIBRARY /opt/gbdk/lib/small/asxxxx/gb/gb.lib
		MODULE gprint.o
	LIBRARY /opt/gbdk/lib/small/asxxxx/gb/gb.lib
		MODULE drawing.o
	LIBRARY /opt/gbdk/lib/small/asxxxx/gb/gb.lib
		MODULE cpy_data.o
	LIBRARY /opt/gbdk/lib/small/asxxxx/gb/gb.lib
		MODULE ibmfixed.o
	LIBRARY /opt/gbdk/lib/small/asxxxx/gb/gb.lib
		MODULE font.o
	LIBRARY /opt/gbdk/lib/small/asxxxx/gb/gb.lib
		MODULE init_tt.o
USERBASEDEF
	_CODE=0x0200
	_DATA=0xC0A0
	_CODE_1=0x4000
USERGLOBALDEF
	.OAM=0xC000
	.STACK=0xE000
	.refresh_OAM=0xFF80
	.init=0x0000
