AREA .  .ABS.
	RADIX HEX
	BASE 0000
	SIZE 0000
	ATTRIB ABS OVR
	GLOBALS
		l__DATA	0000
		l__BASE	0000
		l__HEAP	0000
		l__BSEG	0000
		l_.  .ABS.	0000
		l__GSFINAL	0000
		l__ISEG	0000
		s_.  .ABS.	0000
		s__HEADER	0000
		l__XSEG	0000
		.init	0000
		l__OVERLAY	0000
		l__LIT	0000
		l__GSINIT	0000
		l__GSINITTAIL	0001
		l__CODE	0008
		l__BSS	0059
		l__HOME	01AC
		l__HEADER	01E1
		s__CODE	0200
		s__HOME	0208
		s__BASE	03B4
		s__GSINITTAIL	03B4
		s__LIT	03B4
		s__GSINIT	03B4
		s__GSFINAL	03B5
		.OAM	C000
		s__DATA	C0A0
		s__BSS	C0A0
		s__HEAP	C0F9
		s__BSEG	C0F9
		s__ISEG	C0F9
		s__XSEG	C0F9
		s__OVERLAY	C0F9
		.STACK	E000
		.refresh_OAM	FF80
AREA _CODE
	RADIX HEX
	BASE 0200
	SIZE 0008
	ATTRIB REL CON
	GLOBALS
		_main	0200
AREA _HEADER
	RADIX HEX
	BASE 0000
	SIZE 01E1
	ATTRIB ABS OVR
	GLOBALS
		_exit	01D2
AREA _HOME
	RADIX HEX
	BASE 0208
	SIZE 01AC
	ATTRIB REL CON
	GLOBALS
		.set_mode	0208
		.remove_VBL	0218
		.remove_LCD	021E
		.remove_TIM	0224
		.remove_SIO	022A
		.remove_JOY	0230
		.add_VBL	0236
		.add_LCD	023C
		.add_TIM	0242
		.add_SIO	0248
		.add_JOY	024E
		.remove_int	0254
		.add_int	0274
		.wait_vbl_done	0290
		_wait_vbl_done	0290
		_display_off	02A7
		.display_off	02A7
		.serial_IO	02C8
		_mode	02F7
		_get_mode	0300
		_enable_interrupts	0305
		_disable_interrupts	0307
		_reset	0309
		.reset	0309
		_set_interrupts	030F
		_remove_VBL	031A
		_remove_LCD	0325
		_remove_TIM	0330
		_remove_SIO	033B
		_remove_JOY	0346
		_add_VBL	0351
		_add_LCD	035C
		_add_TIM	0367
		_add_SIO	0372
		_add_JOY	037D
		_clock	0388
		__printTStates	0391
		banked_call	0392
		banked_ret	03AB
AREA _BASE
	RADIX HEX
	BASE 03B4
	SIZE 0000
	ATTRIB REL CON
AREA _LIT
	RADIX HEX
	BASE 03B4
	SIZE 0000
	ATTRIB REL CON
AREA _GSINIT
	RADIX HEX
	BASE 03B4
	SIZE 0000
	ATTRIB REL CON
	GLOBALS
		gsinit	03B4
AREA _GSINITTAIL
	RADIX HEX
	BASE 03B4
	SIZE 0001
	ATTRIB REL CON
AREA _GSFINAL
	RADIX HEX
	BASE 03B5
	SIZE 0000
	ATTRIB REL CON
AREA _DATA
	RADIX HEX
	BASE C0A0
	SIZE 0000
	ATTRIB REL CON
AREA _BSS
	RADIX HEX
	BASE C0A0
	SIZE 0059
	ATTRIB REL CON
	GLOBALS
		__cpu	C0A0
		.mode	C0A1
		__io_out	C0A2
		__io_in	C0A3
		__io_status	C0A4
		.vbl_done	C0A5
		__current_bank	C0A6
		_sys_time	C0A7
		.sys_time	C0A7
		.int_0x40	C0A9
		.int_0x48	C0B9
		.int_0x50	C0C9
		.int_0x58	C0D9
		.int_0x60	C0E9
AREA _HEAP
	RADIX HEX
	BASE C0F9
	SIZE 0000
	ATTRIB REL CON
	GLOBALS
		_malloc_heap_start	C0F9
AREA _OVERLAY
	RADIX HEX
	BASE C0F9
	SIZE 0000
	ATTRIB REL CON
AREA _ISEG
	RADIX HEX
	BASE C0F9
	SIZE 0000
	ATTRIB REL CON
AREA _BSEG
	RADIX HEX
	BASE C0F9
	SIZE 0000
	ATTRIB REL CON
AREA _XSEG
	RADIX HEX
	BASE C0F9
	SIZE 0000
	ATTRIB REL CON
MODULES
	FILE /opt/gbdk/lib/small/asxxxx/gb/crt0.o
		NAME Runtime
	FILE /tmp/lcc68172.o
		NAME lcc68170
USERBASEDEF
	_CODE=0x0200
	_DATA=0xC0A0
	_CODE_1=0x4000
USERGLOBALDEF
	.OAM=0xC000
	.STACK=0xE000
	.refresh_OAM=0xFF80
	.init=0x0000
